Project migration to XML Schema (XSD) version 124 is completed.
Project migration to XML Schema (XSD) version 125 is completed.
Project migration to XML Schema (XSD) version 126 is completed.
Project migration to XML Schema (XSD) version 127 is completed.
Project migration to XML Schema (XSD) version 128 is completed.
Project migration to XML Schema (XSD) version 129 is completed.
Project migration to XML Schema (XSD) version 130 is completed.
Project migration to XML Schema (XSD) version 131 is completed.
Project migration to XML Schema (XSD) version 132 is completed.
Project migration to XML Schema (XSD) version 133 is completed.
The file 'P:\Unity\nc-varco-monologue\NCVarcoMonologue_Wwise\Actor-Mixer Hierarchy\Default Work Unit.wwu' was moved during the migration of your project. If your project is under source control the file has been marked for move, remember to commit the change.
The file 'P:\Unity\nc-varco-monologue\NCVarcoMonologue_Wwise\Actor-Mixer Hierarchy\Factory Soundseed Air Objects.wwu' was moved during the migration of your project. If your project is under source control the file has been marked for move, remember to commit the change.
The file 'P:\Unity\nc-varco-monologue\NCVarcoMonologue_Wwise\Actor-Mixer Hierarchy\Factory Synth One.wwu' was moved during the migration of your project. If your project is under source control the file has been marked for move, remember to commit the change.
The file 'P:\Unity\nc-varco-monologue\NCVarcoMonologue_Wwise\Audio Devices\Default Work Unit.wwu' was moved during the migration of your project. If your project is under source control the file has been marked for move, remember to commit the change.
The file 'P:\Unity\nc-varco-monologue\NCVarcoMonologue_Wwise\Interactive Music Hierarchy\Default Work Unit.wwu' was moved during the migration of your project. If your project is under source control the file has been marked for move, remember to commit the change.
The file 'P:\Unity\nc-varco-monologue\NCVarcoMonologue_Wwise\Master-Mixer Hierarchy\Default Work Unit.wwu' was moved during the migration of your project. If your project is under source control the file has been marked for move, remember to commit the change.
The file 'P:\Unity\nc-varco-monologue\NCVarcoMonologue_Wwise\Master-Mixer Hierarchy' was deleted during the migration of your project. If your project is under source control the file has been marked for delete, remember to commit the change.
The file 'P:\Unity\nc-varco-monologue\NCVarcoMonologue_Wwise\Interactive Music Hierarchy' was deleted during the migration of your project. If your project is under source control the file has been marked for delete, remember to commit the change.
The file 'P:\Unity\nc-varco-monologue\NCVarcoMonologue_Wwise\Audio Devices' was deleted during the migration of your project. If your project is under source control the file has been marked for delete, remember to commit the change.
The file 'P:\Unity\nc-varco-monologue\NCVarcoMonologue_Wwise\Actor-Mixer Hierarchy' was deleted during the migration of your project. If your project is under source control the file has been marked for delete, remember to commit the change.
The default work unit '\Sidechain Mixes\Default Work Unit' is missing.  It has been created. If your project is under source control, remember to add this file.
Some new object properties have been added or obsolete properties deleted. The project file was updated. These changes will not have an impact on your project.
